0:	4f fc 0 0 fc 2 f fc 1 0 fc 6 12 0 fc 5 
10:	45 0 fc 0 1 fc 2 f fc 1 1 fc 6 23 0 fc 
20:	5 45 0 fc 0 2 fc 2 f fc 1 2 fc 6 34 0 
30:	fc 5 45 0 fc 0 3 fc 2 f fc 1 3 fc 6 45 
40:	0 fc 5 45 0 fc 0 3 fc 6 50 0 fc 5 5b 0 
50:	fc 0 2 fc 6 66 0 fc 5 71 0 fc 0 2 fc 6 
60:	7c 0 fc 5 87 0 fc 0 1 fc 6 92 0 fc 5 9d 
70:	0 fc 0 1 fc 6 a8 0 fc 5 b3 0 fc 0 1 fc 
80:	6 be 0 fc 5 c9 0 fc 0 1 fc 6 d4 0 fc 5 
90:	df 0 fc 0 0 fc 6 ea 0 fc 5 89 1 fc 0 0 
a0:	fc 6 28 2 fc 5 c7 2 fc 0 0 fc 6 66 3 fc 
b0:	5 5 4 fc 0 0 fc 6 a4 4 fc 5 43 5 fc 0 
c0:	0 fc 6 e2 5 fc 5 81 6 fc 0 0 fc 6 20 7 
d0:	fc 5 bf 7 fc 0 0 fc 6 5e 8 fc 5 fd 8 fc 
e0:	0 0 fc 6 9c 9 fc 5 3b a fc 7 1 1 10 fc 
f0:	7 2 2 10 fc 7 3 3 10 fc 7 4 4 10 fc 7 
100:	5 5 10 fc 7 6 6 10 fc 7 7 7 10 fc 7 8 
110:	8 10 fc 7 9 9 10 fc 7 a a 10 fc 7 b b 
120:	10 fc 7 c c 10 fc 7 d d 10 fc 7 e e 10 
130:	fc 7 f f 10 fc 7 10 10 10 fc 7 11 11 10 fc 
140:	7 12 12 10 fc 7 13 13 10 fc 7 14 14 10 fc 7 
150:	15 15 10 fc 7 16 16 10 fc 7 17 17 10 fc 7 18 
160:	18 10 fc 7 19 19 10 fc 7 1a 1a 10 fc 7 1b 1b 
170:	10 fc 7 1c 1c 10 fc 7 1d 1d 10 fc 7 1e 1e 10 
180:	fc 7 1f 1f 10 fc 5 0 0 fc 7 1 21 10 fc 7 
190:	2 22 10 fc 7 3 23 10 fc 7 4 24 10 fc 7 5 
1a0:	25 10 fc 7 6 26 10 fc 7 7 27 10 fc 7 8 28 
1b0:	10 fc 7 9 29 10 fc 7 a 2a 10 fc 7 b 2b 10 
1c0:	fc 7 c 2c 10 fc 7 d 2d 10 fc 7 e 2e 10 fc 
1d0:	7 f 2f 10 fc 7 10 30 10 fc 7 11 31 10 fc 7 
1e0:	12 32 10 fc 7 13 33 10 fc 7 14 34 10 fc 7 15 
1f0:	35 10 fc 7 16 36 10 fc 7 17 37 10 fc 7 18 38 
200:	10 fc 7 19 39 10 fc 7 1a 3a 10 fc 7 1b 3b 10 
210:	fc 7 1c 3c 10 fc 7 1d 3d 10 fc 7 1e 3e 10 fc 
220:	7 1f 3f 10 fc 5 0 0 fc 7 1 41 10 fc 7 2 
230:	42 10 fc 7 3 43 10 fc 7 4 44 10 fc 7 5 45 
240:	10 fc 7 6 46 10 fc 7 7 47 10 fc 7 8 48 10 
250:	fc 7 9 49 10 fc 7 a 4a 10 fc 7 b 4b 10 fc 
260:	7 c 4c 10 fc 7 d 4d 10 fc 7 e 4e 10 fc 7 
270:	f 4f 10 fc 7 10 50 10 fc 7 11 51 10 fc 7 12 
280:	52 10 fc 7 13 53 10 fc 7 14 54 10 fc 7 15 55 
290:	10 fc 7 16 56 10 fc 7 17 57 10 fc 7 18 58 10 
2a0:	fc 7 19 59 10 fc 7 1a 5a 10 fc 7 1b 5b 10 fc 
2b0:	7 1c 5c 10 fc 7 1d 5d 10 fc 7 1e 5e 10 fc 7 
2c0:	1f 5f 10 fc 5 0 0 fc 7 1 61 10 fc 7 2 62 
2d0:	10 fc 7 3 63 10 fc 7 4 64 10 fc 7 5 65 10 
2e0:	fc 7 6 66 10 fc 7 7 67 10 fc 7 8 68 10 fc 
2f0:	7 9 69 10 fc 7 a 6a 10 fc 7 b 6b 10 fc 7 
300:	c 6c 10 fc 7 d 6d 10 fc 7 e 6e 10 fc 7 f 
310:	6f 10 fc 7 10 70 10 fc 7 11 71 10 fc 7 12 72 
320:	10 fc 7 13 73 10 fc 7 14 74 10 fc 7 15 75 10 
330:	fc 7 16 76 10 fc 7 17 77 10 fc 7 18 78 10 fc 
340:	7 19 79 10 fc 7 1a 7a 10 fc 7 1b 7b 10 fc 7 
350:	1c 7c 10 fc 7 1d 7d 10 fc 7 1e 7e 10 fc 7 1f 
360:	7f 10 fc 5 0 0 fc 7 1 81 10 fc 7 2 82 10 
370:	fc 7 3 83 10 fc 7 4 84 10 fc 7 5 85 10 fc 
380:	7 6 86 10 fc 7 7 87 10 fc 7 8 88 10 fc 7 
390:	9 89 10 fc 7 a 8a 10 fc 7 b 8b 10 fc 7 c 
3a0:	8c 10 fc 7 d 8d 10 fc 7 e 8e 10 fc 7 f 8f 
3b0:	10 fc 7 10 90 10 fc 7 11 91 10 fc 7 12 92 10 
3c0:	fc 7 13 93 10 fc 7 14 94 10 fc 7 15 95 10 fc 
3d0:	7 16 96 10 fc 7 17 97 10 fc 7 18 98 10 fc 7 
3e0:	19 99 10 fc 7 1a 9a 10 fc 7 1b 9b 10 fc 7 1c 
3f0:	9c 10 fc 7 1d 9d 10 fc 7 1e 9e 10 fc 7 1f 9f 
400:	10 fc 5 0 0 fc 7 1 a1 10 fc 7 2 a2 10 fc 
410:	7 3 a3 10 fc 7 4 a4 10 fc 7 5 a5 10 fc 7 
420:	6 a6 10 fc 7 7 a7 10 fc 7 8 a8 10 fc 7 9 
430:	a9 10 fc 7 a aa 10 fc 7 b ab 10 fc 7 c ac 
440:	10 fc 7 d ad 10 fc 7 e ae 10 fc 7 f af 10 
450:	fc 7 10 b0 10 fc 7 11 b1 10 fc 7 12 b2 10 fc 
460:	7 13 b3 10 fc 7 14 b4 10 fc 7 15 b5 10 fc 7 
470:	16 b6 10 fc 7 17 b7 10 fc 7 18 b8 10 fc 7 19 
480:	b9 10 fc 7 1a ba 10 fc 7 1b bb 10 fc 7 1c bc 
490:	10 fc 7 1d bd 10 fc 7 1e be 10 fc 7 1f bf 10 
4a0:	fc 5 0 0 fc 7 1 c1 10 fc 7 2 c2 10 fc 7 
4b0:	3 c3 10 fc 7 4 c4 10 fc 7 5 c5 10 fc 7 6 
4c0:	c6 10 fc 7 7 c7 10 fc 7 8 c8 10 fc 7 9 c9 
4d0:	10 fc 7 a ca 10 fc 7 b cb 10 fc 7 c cc 10 
4e0:	fc 7 d cd 10 fc 7 e ce 10 fc 7 f cf 10 fc 
4f0:	7 10 d0 10 fc 7 11 d1 10 fc 7 12 d2 10 fc 7 
500:	13 d3 10 fc 7 14 d4 10 fc 7 15 d5 10 fc 7 16 
510:	d6 10 fc 7 17 d7 10 fc 7 18 d8 10 fc 7 19 d9 
520:	10 fc 7 1a da 10 fc 7 1b db 10 fc 7 1c dc 10 
530:	fc 7 1d dd 10 fc 7 1e de 10 fc 7 1f df 10 fc 
540:	5 0 0 fc 7 1 e1 10 fc 7 2 e2 10 fc 7 3 
550:	e3 10 fc 7 4 e4 10 fc 7 5 e5 10 fc 7 6 e6 
560:	10 fc 7 7 e7 10 fc 7 8 e8 10 fc 7 9 e9 10 
570:	fc 7 a ea 10 fc 7 b eb 10 fc 7 c ec 10 fc 
580:	7 d ed 10 fc 7 e ee 10 fc 7 f ef 10 fc 7 
590:	10 f0 10 fc 7 11 f1 10 fc 7 12 f2 10 fc 7 13 
5a0:	f3 10 fc 7 14 f4 10 fc 7 15 f5 10 fc 7 16 f6 
5b0:	10 fc 7 17 f7 10 fc 7 18 f8 10 fc 7 19 f9 10 
5c0:	fc 7 1a fa 10 fc 7 1b fb 10 fc 7 1c fc 10 fc 
5d0:	7 1d fd 10 fc 7 1e fe 10 fc 7 1f ff 10 fc 5 
5e0:	0 0 fc 7 1 1 11 fc 7 2 2 11 fc 7 3 3 
5f0:	11 fc 7 4 4 11 fc 7 5 5 11 fc 7 6 6 11 
600:	fc 7 7 7 11 fc 7 8 8 11 fc 7 9 9 11 fc 
610:	7 a a 11 fc 7 b b 11 fc 7 c c 11 fc 7 
620:	d d 11 fc 7 e e 11 fc 7 f f 11 fc 7 10 
630:	10 11 fc 7 11 11 11 fc 7 12 12 11 fc 7 13 13 
640:	11 fc 7 14 14 11 fc 7 15 15 11 fc 7 16 16 11 
650:	fc 7 17 17 11 fc 7 18 18 11 fc 7 19 19 11 fc 
660:	7 1a 1a 11 fc 7 1b 1b 11 fc 7 1c 1c 11 fc 7 
670:	1d 1d 11 fc 7 1e 1e 11 fc 7 1f 1f 11 fc 5 0 
680:	0 fc 7 1 21 11 fc 7 2 22 11 fc 7 3 23 11 
690:	fc 7 4 24 11 fc 7 5 25 11 fc 7 6 26 11 fc 
6a0:	7 7 27 11 fc 7 8 28 11 fc 7 9 29 11 fc 7 
6b0:	a 2a 11 fc 7 b 2b 11 fc 7 c 2c 11 fc 7 d 
6c0:	2d 11 fc 7 e 2e 11 fc 7 f 2f 11 fc 7 10 30 
6d0:	11 fc 7 11 31 11 fc 7 12 32 11 fc 7 13 33 11 
6e0:	fc 7 14 34 11 fc 7 15 35 11 fc 7 16 36 11 fc 
6f0:	7 17 37 11 fc 7 18 38 11 fc 7 19 39 11 fc 7 
700:	1a 3a 11 fc 7 1b 3b 11 fc 7 1c 3c 11 fc 7 1d 
710:	3d 11 fc 7 1e 3e 11 fc 7 1f 3f 11 fc 5 0 0 
720:	fc 7 1 41 11 fc 7 2 42 11 fc 7 3 43 11 fc 
730:	7 4 44 11 fc 7 5 45 11 fc 7 6 46 11 fc 7 
740:	7 47 11 fc 7 8 48 11 fc 7 9 49 11 fc 7 a 
750:	4a 11 fc 7 b 4b 11 fc 7 c 4c 11 fc 7 d 4d 
760:	11 fc 7 e 4e 11 fc 7 f 4f 11 fc 7 10 50 11 
770:	fc 7 11 51 11 fc 7 12 52 11 fc 7 13 53 11 fc 
780:	7 14 54 11 fc 7 15 55 11 fc 7 16 56 11 fc 7 
790:	17 57 11 fc 7 18 58 11 fc 7 19 59 11 fc 7 1a 
7a0:	5a 11 fc 7 1b 5b 11 fc 7 1c 5c 11 fc 7 1d 5d 
7b0:	11 fc 7 1e 5e 11 fc 7 1f 5f 11 fc 5 0 0 fc 
7c0:	7 1 61 11 fc 7 2 62 11 fc 7 3 63 11 fc 7 
7d0:	4 64 11 fc 7 5 65 11 fc 7 6 66 11 fc 7 7 
7e0:	67 11 fc 7 8 68 11 fc 7 9 69 11 fc 7 a 6a 
7f0:	11 fc 7 b 6b 11 fc 7 c 6c 11 fc 7 d 6d 11 
800:	fc 7 e 6e 11 fc 7 f 6f 11 fc 7 10 70 11 fc 
810:	7 11 71 11 fc 7 12 72 11 fc 7 13 73 11 fc 7 
820:	14 74 11 fc 7 15 75 11 fc 7 16 76 11 fc 7 17 
830:	77 11 fc 7 18 78 11 fc 7 19 79 11 fc 7 1a 7a 
840:	11 fc 7 1b 7b 11 fc 7 1c 7c 11 fc 7 1d 7d 11 
850:	fc 7 1e 7e 11 fc 7 1f 7f 11 fc 5 0 0 fc 7 
860:	1 81 11 fc 7 2 82 11 fc 7 3 83 11 fc 7 4 
870:	84 11 fc 7 5 85 11 fc 7 6 86 11 fc 7 7 87 
880:	11 fc 7 8 88 11 fc 7 9 89 11 fc 7 a 8a 11 
890:	fc 7 b 8b 11 fc 7 c 8c 11 fc 7 d 8d 11 fc 
8a0:	7 e 8e 11 fc 7 f 8f 11 fc 7 10 90 11 fc 7 
8b0:	11 91 11 fc 7 12 92 11 fc 7 13 93 11 fc 7 14 
8c0:	94 11 fc 7 15 95 11 fc 7 16 96 11 fc 7 17 97 
8d0:	11 fc 7 18 98 11 fc 7 19 99 11 fc 7 1a 9a 11 
8e0:	fc 7 1b 9b 11 fc 7 1c 9c 11 fc 7 1d 9d 11 fc 
8f0:	7 1e 9e 11 fc 7 1f 9f 11 fc 5 0 0 fc 7 1 
900:	a1 11 fc 7 2 a2 11 fc 7 3 a3 11 fc 7 4 a4 
910:	11 fc 7 5 a5 11 fc 7 6 a6 11 fc 7 7 a7 11 
920:	fc 7 8 a8 11 fc 7 9 a9 11 fc 7 a aa 11 fc 
930:	7 b ab 11 fc 7 c ac 11 fc 7 d ad 11 fc 7 
940:	e ae 11 fc 7 f af 11 fc 7 10 b0 11 fc 7 11 
950:	b1 11 fc 7 12 b2 11 fc 7 13 b3 11 fc 7 14 b4 
960:	11 fc 7 15 b5 11 fc 7 16 b6 11 fc 7 17 b7 11 
970:	fc 7 18 b8 11 fc 7 19 b9 11 fc 7 1a ba 11 fc 
980:	7 1b bb 11 fc 7 1c bc 11 fc 7 1d bd 11 fc 7 
990:	1e be 11 fc 7 1f bf 11 fc 5 0 0 fc 7 1 c1 
9a0:	11 fc 7 2 c2 11 fc 7 3 c3 11 fc 7 4 c4 11 
9b0:	fc 7 5 c5 11 fc 7 6 c6 11 fc 7 7 c7 11 fc 
9c0:	7 8 c8 11 fc 7 9 c9 11 fc 7 a ca 11 fc 7 
9d0:	b cb 11 fc 7 c cc 11 fc 7 d cd 11 fc 7 e 
9e0:	ce 11 fc 7 f cf 11 fc 7 10 d0 11 fc 7 11 d1 
9f0:	11 fc 7 12 d2 11 fc 7 13 d3 11 fc 7 14 d4 11 
a00:	fc 7 15 d5 11 fc 7 16 d6 11 fc 7 17 d7 11 fc 
a10:	7 18 d8 11 fc 7 19 d9 11 fc 7 1a da 11 fc 7 
a20:	1b db 11 fc 7 1c dc 11 fc 7 1d dd 11 fc 7 1e 
a30:	de 11 fc 7 1f df 11 fc 5 0 0 fc 7 1 e1 11 
a40:	fc 7 2 e2 11 fc 7 3 e3 11 fc 7 4 e4 11 fc 
a50:	7 5 e5 11 fc 7 6 e6 11 fc 7 7 e7 11 fc 7 
a60:	8 e8 11 fc 7 9 e9 11 fc 7 a ea 11 fc 7 b 
a70:	eb 11 fc 7 c ec 11 fc 7 d ed 11 fc 7 e ee 
a80:	11 fc 7 f ef 11 fc 7 10 f0 11 fc 7 11 f1 11 
a90:	fc 7 12 f2 11 fc 7 13 f3 11 fc 7 14 f4 11 fc 
aa0:	7 15 f5 11 fc 7 16 f6 11 fc 7 17 f7 11 fc 7 
ab0:	18 f8 11 fc 7 19 f9 11 fc 7 1a fa 11 fc 7 1b 
ac0:	fb 11 fc 7 1c fc 11 fc 7 1d fd 11 fc 7 1e fe 
ad0:	11 fc 7 1f ff 11 fc 5 0 0 0 0 0 0 0 0 
ae0:	0 0 0 0 0 0 0 0 0 0 0 0 0 0 0 0 
af0:	0 0 0 0 0 0 0 0 0 0 0 0 0 0 0 0 
b00:	0 0 0 0 0 0 0 0 0 0 0 0 0 0 0 0 
b10:	0 0 0 0 0 0 0 0 0 0 0 0 0 0 0 0 
b20:	0 0 0 0 0 0 0 0 0 0 0 0 0 0 0 0 
b30:	0 0 0 0 0 0 0 0 0 0 0 0 0 0 0 0 
b40:	0 0 0 0 0 0 0 0 0 0 0 0 0 0 0 0 
b50:	0 0 0 0 0 0 0 0 0 0 0 0 0 0 0 0 
b60:	0 0 0 0 0 0 0 0 0 0 0 0 0 0 0 0 
b70:	0 0 0 0 0 0 0 0 0 0 0 0 0 0 0 0 
b80:	0 0 0 0 0 0 0 0 0 0 0 0 0 0 0 0 
b90:	0 0 0 0 0 0 0 0 0 0 0 0 0 0 0 0 
ba0:	0 0 0 0 0 0 0 0 0 0 0 0 0 0 0 0 
bb0:	0 0 0 0 0 0 0 0 0 0 0 0 0 0 0 0 
bc0:	0 0 0 0 0 0 0 0 0 0 0 0 0 0 0 0 
bd0:	0 0 0 0 0 0 0 0 0 0 0 0 0 0 0 0 
be0:	0 0 0 0 0 0 0 0 0 0 0 0 0 0 0 0 
bf0:	0 0 0 0 0 0 0 0 0 0 0 0 0 0 0 0 
c00:	0 0 0 0 0 0 0 0 0 0 0 0 0 0 0 0 
c10:	0 0 0 0 0 0 0 0 0 0 0 0 0 0 0 0 
c20:	0 0 0 0 0 0 0 0 0 0 0 0 0 0 0 0 
c30:	0 0 0 0 0 0 0 0 0 0 0 0 0 0 0 0 
c40:	0 0 0 0 0 0 0 0 0 0 0 0 0 0 0 0 
c50:	0 0 0 0 0 0 0 0 0 0 0 0 0 0 0 0 
c60:	0 0 0 0 0 0 0 0 0 0 0 0 0 0 0 0 
c70:	0 0 0 0 0 0 0 0 0 0 0 0 0 0 0 0 
c80:	0 0 0 0 0 0 0 0 0 0 0 0 0 0 0 0 
c90:	0 0 0 0 0 0 0 0 0 0 0 0 0 0 0 0 
ca0:	0 0 0 0 0 0 0 0 0 0 0 0 0 0 0 0 
cb0:	0 0 0 0 0 0 0 0 0 0 0 0 0 0 0 0 
cc0:	0 0 0 0 0 0 0 0 0 0 0 0 0 0 0 0 
cd0:	0 0 0 0 0 0 0 0 0 0 0 0 0 0 0 0 
ce0:	0 0 0 0 0 0 0 0 0 0 0 0 0 0 0 0 
cf0:	0 0 0 0 0 0 0 0 0 0 0 0 0 0 0 0 
d00:	0 0 0 0 0 0 0 0 0 0 0 0 0 0 0 0 
d10:	0 0 0 0 0 0 0 0 0 0 0 0 0 0 0 0 
d20:	0 0 0 0 0 0 0 0 0 0 0 0 0 0 0 0 
d30:	0 0 0 0 0 0 0 0 0 0 0 0 0 0 0 0 
d40:	0 0 0 0 0 0 0 0 0 0 0 0 0 0 0 0 
d50:	0 0 0 0 0 0 0 0 0 0 0 0 0 0 0 0 
d60:	0 0 0 0 0 0 0 0 0 0 0 0 0 0 0 0 
d70:	0 0 0 0 0 0 0 0 0 0 0 0 0 0 0 0 
d80:	0 0 0 0 0 0 0 0 0 0 0 0 0 0 0 0 
d90:	0 0 0 0 0 0 0 0 0 0 0 0 0 0 0 0 
da0:	0 0 0 0 0 0 0 0 0 0 0 0 0 0 0 0 
db0:	0 0 0 0 0 0 0 0 0 0 0 0 0 0 0 0 
dc0:	0 0 0 0 0 0 0 0 0 0 0 0 0 0 0 0 
dd0:	0 0 0 0 0 0 0 0 0 0 0 0 0 0 0 0 
de0:	0 0 0 0 0 0 0 0 0 0 0 0 0 0 0 0 
df0:	0 0 0 0 0 0 0 0 0 0 0 0 0 0 0 0 
e00:	0 0 0 0 0 0 0 0 0 0 0 0 0 0 0 0 
e10:	0 0 0 0 0 0 0 0 0 0 0 0 0 0 0 0 
e20:	0 0 0 0 0 0 0 0 0 0 0 0 0 0 0 0 
e30:	0 0 0 0 0 0 0 0 0 0 0 0 0 0 0 0 
e40:	0 0 0 0 0 0 0 0 0 0 0 0 0 0 0 0 
e50:	0 0 0 0 0 0 0 0 0 0 0 0 0 0 0 0 
e60:	0 0 0 0 0 0 0 0 0 0 0 0 0 0 0 0 
e70:	0 0 0 0 0 0 0 0 0 0 0 0 0 0 0 0 
e80:	0 0 0 0 0 0 0 0 0 0 0 0 0 0 0 0 
e90:	0 0 0 0 0 0 0 0 0 0 0 0 0 0 0 0 
ea0:	0 0 0 0 0 0 0 0 0 0 0 0 0 0 0 0 
eb0:	0 0 0 0 0 0 0 0 0 0 0 0 0 0 0 0 
ec0:	0 0 0 0 0 0 0 0 0 0 0 0 0 0 0 0 
ed0:	0 0 0 0 0 0 0 0 0 0 0 0 0 0 0 0 
ee0:	0 0 0 0 0 0 0 0 0 0 0 0 0 0 0 0 
ef0:	0 0 0 0 0 0 0 0 0 0 0 0 0 0 0 0 
f00:	0 0 0 0 0 0 0 0 0 0 0 0 0 0 0 0 
f10:	0 0 0 0 0 0 0 0 0 0 0 0 0 0 0 0 
f20:	0 0 0 0 0 0 0 0 0 0 0 0 0 0 0 0 
f30:	0 0 0 0 0 0 0 0 0 0 0 0 0 0 0 0 
f40:	0 0 0 0 0 0 0 0 0 0 0 0 0 0 0 0 
f50:	0 0 0 0 0 0 0 0 0 0 0 0 0 0 0 0 
f60:	0 0 0 0 0 0 0 0 0 0 0 0 0 0 0 0 
f70:	0 0 0 0 0 0 0 0 0 0 0 0 0 0 0 0 
f80:	0 0 0 0 0 0 0 0 0 0 0 0 0 0 0 0 
f90:	0 0 0 0 0 0 0 0 0 0 0 0 0 0 0 0 
fa0:	0 0 0 0 0 0 0 0 0 0 0 0 0 0 0 0 
fb0:	0 0 0 0 0 0 0 0 0 0 0 0 0 0 0 0 
fc0:	0 0 0 0 0 0 0 0 0 0 0 0 0 0 0 0 
fd0:	0 0 0 0 0 0 0 0 0 0 0 0 0 0 0 0 
fe0:	0 0 0 0 0 0 0 0 0 0 0 0 0 0 0 0 
ff0:	0 0 0 0 0 0 0 0 0 0 0 0 0 0 0 0 
1000:	67 cc 76 ce 6e ed e6 dc e6 cf ff df fe ff 7e fd 
1010:	ee fc 6f fc 67 ec 77 ee 6f ed e7 fc 6f fc 6f fc 
1020:	23 c6 33 46 2b 67 a7 56 e3 4f f3 ff fb 7f 7f 7f 
1030:	bf f6 6f ee 2f c6 3f c6 2f e7 af d6 6f ee 3f f6 
1040:	73 6b 31 e7 31 63 39 63 f5 7f f3 7f f1 ff 79 f3 
1050:	3d e3 bd f3 7f eb 3d e7 3d e3 3d e3 bd f3 7f eb 
1060:	5b 3b 39 b7 19 73 19 33 9d 3f fb 7f f9 ff 79 f3 
1070:	39 f3 bd b3 5f bb 3d b7 1d f3 3d b3 bd f3 7b fb 
1080:	9c 31 da 39 b9 b5 98 7f 98 7f fc ff fa f9 f9 f5 
1090:	f8 f3 b8 31 bc 31 fa 39 b9 b5 b8 f3 f8 b1 fc f1 
10a0:	8c 19 ce 19 ad 9d 9c 7f 8c ff ec ff ee d9 fd 9d 
10b0:	fc 5b fc 39 bc 19 fe 19 fd 9d fc 5b fc b9 ec f9 
10c0:	cc a9 c4 98 c6 88 e5 ff d4 ff ec ff e4 99 f6 88 
10d0:	f5 8c f4 ca fc a9 f4 98 f6 88 f5 8c f4 cb ec ff 
10e0:	6e ed e6 dc 66 fe e7 ff f6 ff ee ef e6 dc f6 cc 
10f0:	77 cc 76 ce 7e ed f6 dc f6 cc e7 cc f6 cf ee ff 
1100:	73 c6 6b ff e7 ff e3 ff e3 e7 f3 c7 eb e7 f7 d6 
1110:	73 ce 73 c6 73 c6 7b e7 e7 d6 e3 cf e3 ff f3 ff 
1120:	33 66 3b 7f b7 ff f3 ff f3 e7 f3 66 7b 67 f7 76 
1130:	73 6e 73 e6 73 66 fb 67 f7 f6 f3 ef f3 ff b3 ff 
1140:	31 ff b1 ff f9 ff f5 f3 f3 eb 71 e7 71 63 79 63 
1150:	f5 73 73 6b 71 e7 f1 e3 f9 e3 f5 ff f3 ff 31 ff 
1160:	39 ff d8 ff f8 ff fc f1 7a b9 79 b5 38 73 38 31 
1170:	bc 31 7a 39 79 b5 f8 f3 f8 f3 dc ff da 7f 39 bd 
1180:	ce 7f ed ff fc fb fc f9 bc 99 fe 99 bd 9d bc 5b 
1190:	bc b9 bc 99 fe d9 fd fd fc ff cc 7f 8c 3f ce 19 
11a0:	ee ff fd ff fc fa fc f9 dc 98 de 98 fd 9c dc da 
11b0:	dc b9 fc d8 fe f8 fd ff fc ff cc bf cc 9c ce 98 
11c0:	f6 ff fe fc ff ec de ce de ed ce dc ce cc ff cc 
11d0:	de ce fe ed fe fc f6 ff e7 bf d6 cf ce ad c6 9c 
11e0:	fe fe 7e fc 7f ec 7e ee 6e ed ee dc 6e ec 6f ec 
11f0:	7e ee 7e fd fe ff fe ff e7 cf 76 ce 6e ed e6 dc 

